// Jest Snapshot v1, https://goo.gl/fbAQLP

exports[`<Home /> should match snapshot 1`] = `
<section
  class="container"
>
  <input
    class="input-content"
    placeholder="Pesquisar"
    type="search"
    value=""
  />
  <div
    class="posts"
  >
    <p>
      Não há posts para essa pesquisa
    </p>
  </div>
  <div
    class="button-container"
  >
    <button
      class="button"
      disabled=""
    >
      Load more
    </button>
  </div>
</section>
`;
